Archive member included because of file (symbol)

c:/infineon/tools/dave ide/4.5.0.202105191637/eclipse/arm-gcc-49/bin/../lib/gcc/arm-none-eabi/4.9.3/../../../../arm-none-eabi/lib/armv7e-m/softfp\libg_nano.a(lib_a-errno.o)
                              ./Libraries/Newlib/syscalls.o (__errno)
c:/infineon/tools/dave ide/4.5.0.202105191637/eclipse/arm-gcc-49/bin/../lib/gcc/arm-none-eabi/4.9.3/../../../../arm-none-eabi/lib/armv7e-m/softfp\libg_nano.a(lib_a-impure.o)
                              c:/infineon/tools/dave ide/4.5.0.202105191637/eclipse/arm-gcc-49/bin/../lib/gcc/arm-none-eabi/4.9.3/../../../../arm-none-eabi/lib/armv7e-m/softfp\libg_nano.a(lib_a-errno.o) (_impure_ptr)
c:/infineon/tools/dave ide/4.5.0.202105191637/eclipse/arm-gcc-49/bin/../lib/gcc/arm-none-eabi/4.9.3/../../../../arm-none-eabi/lib/armv7e-m/softfp\libg_nano.a(lib_a-init.o)
                              ./Startup/startup_XMC4700.o (__libc_init_array)
c:/infineon/tools/dave ide/4.5.0.202105191637/eclipse/arm-gcc-49/bin/../lib/gcc/arm-none-eabi/4.9.3/../../../../arm-none-eabi/lib/armv7e-m/softfp\libg_nano.a(lib_a-memcpy.o)
                              ./Libraries/XMCLib/src/xmc_eth_mac.o (memcpy)
c:/infineon/tools/dave ide/4.5.0.202105191637/eclipse/arm-gcc-49/bin/../lib/gcc/arm-none-eabi/4.9.3/../../../../arm-none-eabi/lib/armv7e-m/softfp\libg_nano.a(lib_a-memset.o)
                              ./Libraries/XMCLib/src/xmc_usbd.o (memset)

Allocating common symbols
Common symbol       size              file

g_timer_tbl         0x120             ./Dave/Generated/SYSTIMER/systimer.o
xmc_device          0x208             ./Libraries/XMCLib/src/xmc_usbd.o

Discarded input sections

 .text          0x00000000        0x0 ./Startup/startup_XMC4700.o
 .data          0x00000000        0x0 ./Startup/startup_XMC4700.o
 .bss           0x00000000        0x0 ./Startup/startup_XMC4700.o
 .text          0x00000000        0x0 ./Startup/system_XMC4700.o
 .data          0x00000000        0x0 ./Startup/system_XMC4700.o
 .bss           0x00000000        0x0 ./Startup/system_XMC4700.o
 .text.delay    0x00000000       0x28 ./Startup/system_XMC4700.o
 .text.SystemCoreSetup
                0x00000000       0x70 ./Startup/system_XMC4700.o
 .text.SystemCoreClockSetup
                0x00000000      0x258 ./Startup/system_XMC4700.o
 .text.OSCHP_GetFrequency
                0x00000000       0x14 ./Startup/system_XMC4700.o
 .comment       0x00000000       0x71 ./Startup/system_XMC4700.o
 .text          0x00000000        0x0 ./Libraries/XMCLib/src/xmc4_eru.o
 .data          0x00000000        0x0 ./Libraries/XMCLib/src/xmc4_eru.o
 .bss           0x00000000        0x0 ./Libraries/XMCLib/src/xmc4_eru.o
 .text.XMC_ERU_Enable
                0x00000000       0x2c ./Libraries/XMCLib/src/xmc4_eru.o
 .text.XMC_ERU_Disable
                0x00000000       0x2c ./Libraries/XMCLib/src/xmc4_eru.o
 .debug_info    0x00000000      0x658 ./Libraries/XMCLib/src/xmc4_eru.o
 .debug_abbrev  0x00000000      0x180 ./Libraries/XMCLib/src/xmc4_eru.o
 .debug_loc     0x00000000       0xa0 ./Libraries/XMCLib/src/xmc4_eru.o
 .debug_aranges
                0x00000000       0x28 ./Libraries/XMCLib/src/xmc4_eru.o
 .debug_ranges  0x00000000       0x18 ./Libraries/XMCLib/src/xmc4_eru.o
 .debug_line    0x00000000      0x2b5 ./Libraries/XMCLib/src/xmc4_eru.o
 .debug_str     0x00000000      0x9bc ./Libraries/XMCLib/src/xmc4_eru.o
 .comment       0x00000000       0x71 ./Libraries/XMCLib/src/xmc4_eru.o
 .debug_frame   0x00000000       0x60 ./Libraries/XMCLib/src/xmc4_eru.o
 .ARM.attributes
                0x00000000       0x37 ./Libraries/XMCLib/src/xmc4_eru.o
 .text          0x00000000        0x0 ./Libraries/XMCLib/src/xmc4_flash.o
 .data          0x00000000        0x0 ./Libraries/XMCLib/src/xmc4_flash.o
 .bss           0x00000000        0x0 ./Libraries/XMCLib/src/xmc4_flash.o
 .text.XMC_FLASH_lEnterPageModeCommand
                0x00000000       0x20 ./Libraries/XMCLib/src/xmc4_flash.o
 .text.XMC_FLASH_lLoadPageCommand
                0x00000000       0x30 ./Libraries/XMCLib/src/xmc4_flash.o
 .text.XMC_FLASH_lWritePageCommand
                0x00000000       0x44 ./Libraries/XMCLib/src/xmc4_flash.o
 .text.XMC_FLASH_lWriteUCBPageCommand
                0x00000000       0x44 ./Libraries/XMCLib/src/xmc4_flash.o
 .text.XMC_FLASH_lEraseSectorCommand
                0x00000000       0x58 ./Libraries/XMCLib/src/xmc4_flash.o
 .text.XMC_FLASH_lDisableSectorWriteProtectionCommand
                0x00000000       0x64 ./Libraries/XMCLib/src/xmc4_flash.o
 .text.XMC_FLASH_lDisableReadProtectionCommand
                0x00000000       0x60 ./Libraries/XMCLib/src/xmc4_flash.o
 .text.XMC_FLASH_lClearStatusCommand
                0x00000000       0x20 ./Libraries/XMCLib/src/xmc4_flash.o
 .text.XMC_FLASH_ClearStatus
                0x00000000        0xc ./Libraries/XMCLib/src/xmc4_flash.o
 .text.XMC_FLASH_GetStatus
                0x00000000       0x1c ./Libraries/XMCLib/src/xmc4_flash.o
 .text.XMC_FLASH_EnableEvent
[...]
Memory Configuration

Name             Origin             Length             Attributes
FLASH_1_cached   0x08000000         0x00200000         xr
FLASH_1_uncached 0x0c000000         0x00200000         xr
PSRAM_1          0x1ffe8000         0x00018000         !xr
DSRAM_1_system   0x20000000         0x00020000         !xr
DSRAM_2_comm     0x20020000         0x00020000         !xr
SRAM_combined    0x1ffe8000         0x00058000         !xr
*default*        0x00000000         0xffffffff

Linker script and memory map

LOAD ./Startup/startup_XMC4700.o
LOAD ./Startup/system_XMC4700.o
LOAD ./Libraries/XMCLib/src/xmc4_eru.o
LOAD ./Libraries/XMCLib/src/xmc4_flash.o
LOAD ./Libraries/XMCLib/src/xmc4_gpio.o
LOAD ./Libraries/XMCLib/src/xmc4_rtc.o
LOAD ./Libraries/XMCLib/src/xmc4_scu.o
LOAD ./Libraries/XMCLib/src/xmc_can.o
LOAD ./Libraries/XMCLib/src/xmc_ccu4.o
LOAD ./Libraries/XMCLib/src/xmc_ccu8.o
LOAD ./Libraries/XMCLib/src/xmc_common.o
LOAD ./Libraries/XMCLib/src/xmc_dac.o
LOAD ./Libraries/XMCLib/src/xmc_dma.o
LOAD ./Libraries/XMCLib/src/xmc_dsd.o
LOAD ./Libraries/XMCLib/src/xmc_ebu.o
LOAD ./Libraries/XMCLib/src/xmc_ecat.o
LOAD ./Libraries/XMCLib/src/xmc_eru.o
LOAD ./Libraries/XMCLib/src/xmc_eth_mac.o
LOAD ./Libraries/XMCLib/src/xmc_eth_phy_dp83848.o
LOAD ./Libraries/XMCLib/src/xmc_eth_phy_ksz8031rnl.o
LOAD ./Libraries/XMCLib/src/xmc_eth_phy_ksz8081rnb.o
LOAD ./Libraries/XMCLib/src/xmc_fce.o
LOAD ./Libraries/XMCLib/src/xmc_gpio.o
LOAD ./Libraries/XMCLib/src/xmc_hrpwm.o
LOAD ./Libraries/XMCLib/src/xmc_i2c.o
LOAD ./Libraries/XMCLib/src/xmc_i2s.o
LOAD ./Libraries/XMCLib/src/xmc_ledts.o
LOAD ./Libraries/XMCLib/src/xmc_posif.o
LOAD ./Libraries/XMCLib/src/xmc_rtc.o
LOAD ./Libraries/XMCLib/src/xmc_sdmmc.o
LOAD ./Libraries/XMCLib/src/xmc_spi.o
LOAD ./Libraries/XMCLib/src/xmc_uart.o
LOAD ./Libraries/XMCLib/src/xmc_usbd.o
LOAD ./Libraries/XMCLib/src/xmc_usbh.o
LOAD ./Libraries/XMCLib/src/xmc_usic.o
LOAD ./Libraries/XMCLib/src/xmc_vadc.o
LOAD ./Libraries/XMCLib/src/xmc_wdt.o
LOAD ./Libraries/Newlib/syscalls.o
LOAD ./Dave/Generated/UART/uart.o
LOAD ./Dave/Generated/UART/uart_conf.o
LOAD ./Dave/Generated/SYSTIMER/systimer.o
LOAD ./Dave/Generated/SYSTIMER/systimer_conf.o
LOAD ./Dave/Generated/I2C_MASTER/i2c_master.o
LOAD ./Dave/Generated/I2C_MASTER/i2c_master_conf.o
LOAD ./Dave/Generated/CPU_CTRL_XMC4/cpu_ctrl_xmc4.o
LOAD ./Dave/Generated/CPU_CTRL_XMC4/cpu_ctrl_xmc4_conf.o
LOAD ./Dave/Generated/CLOCK_XMC4/clock_xmc4.o
LOAD ./Dave/Generated/CLOCK_XMC4/clock_xmc4_conf.o
LOAD ./Dave/Generated/DAVE.o
LOAD ./main.o
LOAD c:/infineon/tools/dave ide/4.5.0.202105191637/eclipse/arm-gcc-49/bin/../lib/gcc/arm-none-eabi/4.9.3/../../../../arm-none-eabi/lib/armv7e-m/softfp\libm.a
START GROUP
LOAD c:/infineon/tools/dave ide/4.5.0.202105191637/eclipse/arm-gcc-49/bin/../lib/gcc/arm-none-eabi/4.9.3/armv7e-m/softfp\libgcc.a
LOAD c:/infineon/tools/dave ide/4.5.0.202105191637/eclipse/arm-gcc-49/bin/../lib/gcc/arm-none-eabi/4.9.3/../../../../arm-none-eabi/lib/armv7e-m/softfp\libg_nano.a
LOAD c:/infineon/tools/dave ide/4.5.0.202105191637/eclipse/arm-gcc-49/bin/../lib/gcc/arm-none-eabi/4.9.3/../../../../arm-none-eabi/lib/armv7e-m/softfp\libc_nano.a
END GROUP
START GROUP
LOAD c:/infineon/tools/dave ide/4.5.0.202105191637/eclipse/arm-gcc-49/bin/../lib/gcc/arm-none-eabi/4.9.3/armv7e-m/softfp\libgcc.a
LOAD c:/infineon/tools/dave ide/4.5.0.202105191637/eclipse/arm-gcc-49/bin/../lib/gcc/arm-none-eabi/4.9.3/../../../../arm-none-eabi/lib/armv7e-m/softfp\libc_nano.a
LOAD c:/infineon/tools/dave ide/4.5.0.202105191637/eclipse/arm-gcc-49/bin/../lib/gcc/arm-none-eabi/4.9.3/../../../../arm-none-eabi/lib/armv7e-m/softfp\libnosys.a
END GROUP
START GROUP
LOAD c:/infineon/tools/dave ide/4.5.0.202105191637/eclipse/arm-gcc-49/bin/../lib/gcc/arm-none-eabi/4.9.3/armv7e-m/softfp\libgcc.a
LOAD c:/infineon/tools/dave ide/4.5.0.202105191637/eclipse/arm-gcc-49/bin/../lib/gcc/arm-none-eabi/4.9.3/../../../../arm-none-eabi/lib/armv7e-m/softfp\libc_nano.a
LOAD c:/infineon/tools/dave ide/4.5.0.202105191637/eclipse/arm-gcc-49/bin/../lib/gcc/arm-none-eabi/4.9.3/../../../../arm-none-eabi/lib/armv7e-m/softfp\libnosys.a
END GROUP
                0x00000800                stack_size = DEFINED (stack_size)?stack_size:0x800
                0x00000040                no_init_size = 0x40

.text           0x08000000     0x3850 load address 0x0c000000
                0x08000000                sText = .
 *(.reset)
 .reset         0x08000000      0x29c ./Startup/startup_XMC4700.o
                0x08000000                __Vectors
                0x08000200                Reset_Handler
                0x08000298                DSD0_7_IRQHandler
                0x08000298                DebugMon_Handler
                0x08000298                VADC0_C0_0_IRQHandler
                0x08000298                CAN0_4_IRQHandler
                0x08000298                VADC0_G2_0_IRQHandler
                0x08000298                POSIF0_0_IRQHandler
                0x08000298                POSIF1_0_IRQHandler
                0x08000298                HardFault_Handler
                0x08000298                VADC0_G1_1_IRQHandler
                0x08000298                PendSV_Handler
                0x08000298                NMI_Handler
                0x08000298                USIC1_3_IRQHandler
                0x08000298                CCU40_2_IRQHandler
                0x08000298                SCU_0_IRQHandler
                0x08000298                ERU0_0_IRQHandler
                0x08000298                CCU41_0_IRQHandler
                0x08000298                USIC1_5_IRQHandler
                0x08000298                DSD0_4_IRQHandler
                0x08000298                CCU80_1_IRQHandler
                0x08000298                CCU81_0_IRQHandler
                0x08000298                UsageFault_Handler
                0x08000298                USIC0_0_IRQHandler
                0x08000298                POSIF1_1_IRQHandler
                0x08000298                ERU0_2_IRQHandler
                0x08000298                CCU81_1_IRQHandler
                0x08000298                ERU1_1_IRQHandler
                0x08000298                VADC0_G2_3_IRQHandler
                0x08000298                VADC0_G2_2_IRQHandler
                0x08000298                CCU42_3_IRQHandler
                0x08000298                ERU0_3_IRQHandler
                0x08000298                DSD0_5_IRQHandler
                0x08000298                VADC0_C0_3_IRQHandler
                0x08000298                CAN0_6_IRQHandler
                0x08000298                CCU43_0_IRQHandler
                0x08000298                VADC0_G0_1_IRQHandler
                0x08000298                CCU81_2_IRQHandler
                0x08000298                USIC2_4_IRQHandler
                0x08000298                CCU81_3_IRQHandler
                0x08000298                CCU42_1_IRQHandler
                0x08000298                USIC2_5_IRQHandler
                0x08000298                CCU40_0_IRQHandler
                0x08000298                CAN0_0_IRQHandler
                0x08000298                ERU1_0_IRQHandler
                0x08000298                CCU42_2_IRQHandler
                0x08000298                Default_Handler
                0x08000298                USIC1_4_IRQHandler
                0x08000298                ERU1_3_IRQHandler
                0x08000298                POSIF0_1_IRQHandler
                0x08000298                VADC0_G0_0_IRQHandler
                0x08000298                DSD0_2_IRQHandler
                0x08000298                CCU80_3_IRQHandler
                0x08000298                CCU41_3_IRQHandler
                0x08000298                CCU80_2_IRQHandler
                0x08000298                VADC0_G1_3_IRQHandler
                0x08000298                VADC0_G0_3_IRQHandler
                0x08000298                GPDMA0_0_IRQHandler
                0x08000298                PMU0_0_IRQHandler
                0x08000298                CAN0_7_IRQHandler
                0x08000298                DSD0_1_IRQHandler
                0x08000298                CCU41_2_IRQHandler
                0x08000298                VADC0_C0_1_IRQHandler
                0x08000298                CCU43_2_IRQHandler
                0x08000298                USIC2_2_IRQHandler
                0x08000298                MemManage_Handler
                0x08000298                VADC0_G3_1_IRQHandler
                0x08000298                DAC0_0_IRQHandler
                0x08000298                SVC_Handler
                0x08000298                VADC0_G3_3_IRQHandler
                0x08000298                ERU1_2_IRQHandler
                0x08000298                CCU41_1_IRQHandler
                0x08000298                DSD0_6_IRQHandler
                0x08000298                CCU43_1_IRQHandler
                0x08000298                VADC0_G1_2_IRQHandler
                0x08000298                USIC2_3_IRQHandler
                0x08000298                CAN0_2_IRQHandler
                0x08000298                USIC2_0_IRQHandler
                0x08000298                VADC0_G0_2_IRQHandler
                0x08000298                VADC0_G2_1_IRQHandler
                0x08000298                CAN0_3_IRQHandler
                0x08000298                ETH0_0_IRQHandler
                0x08000298                DSD0_0_IRQHandler
                0x08000298                VADC0_C0_2_IRQHandler
                0x08000298                CCU42_0_IRQHandler
                0x08000298                FCE0_0_IRQHandler
                0x08000298                VADC0_G1_0_IRQHandler
                0x08000298                USB0_0_IRQHandler
                0x08000298                CAN0_5_IRQHandler
                0x08000298                CCU80_0_IRQHandler
                0x08000298                CCU40_1_IRQHandler
                0x08000298                USIC2_1_IRQHandler
                0x08000298                USIC0_1_IRQHandler
                0x08000298                VADC0_G3_2_IRQHandler
                0x08000298                CCU40_3_IRQHandler
                0x08000298                BusFault_Handler
                0x08000298                LEDTS0_0_IRQHandler
                0x08000298                USIC0_4_IRQHandler
                0x08000298                CCU43_3_IRQHandler
                0x08000298                ERU0_1_IRQHandler
                0x08000298                VADC0_G3_0_IRQHandler
                0x08000298                USIC1_2_IRQHandler
                0x08000298                DSD0_3_IRQHandler
                0x08000298                SDMMC0_0_IRQHandler
                0x08000298                CAN0_1_IRQHandler
                0x08000298                USIC0_2_IRQHandler
                0x08000298                DAC0_1_IRQHandler
                0x08000298                GPDMA1_0_IRQHandler
 *(.text .text.* .gnu.linkonce.t.*)
 .text.SystemInit
                0x0800029c       0x20 ./Startup/system_XMC4700.o
                0x0800029c                SystemInit
 .text.SystemCoreClockUpdate
                0x080002bc       0xd4 ./Startup/system_XMC4700.o
                0x080002bc                SystemCoreClockUpdate
 .text.XMC_GPIO_Init
                0x08000390      0x14c ./Libraries/XMCLib/src/xmc4_gpio.o
                0x08000390                XMC_GPIO_Init
 .text.XMC_SCU_CLOCK_GetCpuClockFrequency
                0x080004dc       0x18 ./Libraries/XMCLib/src/xmc4_scu.o
 .text.XMC_SCU_GetMirrorStatus
                0x080004f4       0x18 ./Libraries/XMCLib/src/xmc4_scu.o
 .text.XMC_SCU_lDelay
                0x0800050c       0x44 ./Libraries/XMCLib/src/xmc4_scu.o
 .text.XMC_SCU_INTERUPT_GetEventStatus
                0x08000550       0x18 ./Libraries/XMCLib/src/xmc4_scu.o
                0x08000550                XMC_SCU_INTERUPT_GetEventStatus
 .text.XMC_SCU_INTERRUPT_ClearEventStatus
                0x08000568       0x1c ./Libraries/XMCLib/src/xmc4_scu.o
                0x08000568                XMC_SCU_INTERRUPT_ClearEventStatus
 .text.XMC_SCU_CLOCK_Init
                0x08000584       0xf8 ./Libraries/XMCLib/src/xmc4_scu.o
                0x08000584                XMC_SCU_CLOCK_Init
 .text.XMC_SCU_RESET_DeassertPeripheralReset
                0x0800067c       0x38 ./Libraries/XMCLib/src/xmc4_scu.o
                0x0800067c                XMC_SCU_RESET_DeassertPeripheralReset
 .text.XMC_SCU_RESET_IsPeripheralResetAsserted
                0x080006b4       0x48 ./Libraries/XMCLib/src/xmc4_scu.o
                0x080006b4                XMC_SCU_RESET_IsPeripheralResetAsserted
 .text.XMC_SCU_CLOCK_GetPeripheralClockFrequency
                0x080006fc       0x20 ./Libraries/XMCLib/src/xmc4_scu.o
                0x080006fc                XMC_SCU_CLOCK_GetPeripheralClockFrequency
 .text.XMC_SCU_CLOCK_SetSystemClockSource
                0x0800071c       0x28 ./Libraries/XMCLib/src/xmc4_scu.o
                0x0800071c                XMC_SCU_CLOCK_SetSystemClockSource
 .text.XMC_SCU_CLOCK_SetUsbClockSource
                0x08000744       0x28 ./Libraries/XMCLib/src/xmc4_scu.o
                0x08000744                XMC_SCU_CLOCK_SetUsbClockSource
 .text.XMC_SCU_CLOCK_SetWdtClockSource
                0x0800076c       0x28 ./Libraries/XMCLib/src/xmc4_scu.o
                0x0800076c                XMC_SCU_CLOCK_SetWdtClockSource
 .text.XMC_SCU_CLOCK_SetSystemPllClockSource
                0x08000794       0x40 ./Libraries/XMCLib/src/xmc4_scu.o
                0x08000794                XMC_SCU_CLOCK_SetSystemPllClockSource
 .text.XMC_SCU_HIB_SetRtcClockSource
                0x080007d4       0x3c ./Libraries/XMCLib/src/xmc4_scu.o
                0x080007d4                XMC_SCU_HIB_SetRtcClockSource
 .text.XMC_SCU_HIB_SetStandbyClockSource
                0x08000810       0x3c ./Libraries/XMCLib/src/xmc4_scu.o
                0x08000810                XMC_SCU_HIB_SetStandbyClockSource
 .text.XMC_SCU_CLOCK_SetSystemClockDivider
                0x0800084c       0x28 ./Libraries/XMCLib/src/xmc4_scu.o
                0x0800084c                XMC_SCU_CLOCK_SetSystemClockDivider
 .text.XMC_SCU_CLOCK_SetCcuClockDivider
                0x08000874       0x28 ./Libraries/XMCLib/src/xmc4_scu.o
                0x08000874                XMC_SCU_CLOCK_SetCcuClockDivider
 .text.XMC_SCU_CLOCK_SetCpuClockDivider
                0x0800089c       0x28 ./Libraries/XMCLib/src/xmc4_scu.o
                0x0800089c                XMC_SCU_CLOCK_SetCpuClockDivider
 .text.XMC_SCU_CLOCK_SetPeripheralClockDivider
                0x080008c4       0x28 ./Libraries/XMCLib/src/xmc4_scu.o
                0x080008c4                XMC_SCU_CLOCK_SetPeripheralClockDivider
 .text.XMC_SCU_CLOCK_SetUsbClockDivider
                0x080008ec       0x28 ./Libraries/XMCLib/src/xmc4_scu.o
                0x080008ec                XMC_SCU_CLOCK_SetUsbClockDivider
 .text.XMC_SCU_CLOCK_SetEbuClockDivider
                0x08000914       0x28 ./Libraries/XMCLib/src/xmc4_scu.o
                0x08000914                XMC_SCU_CLOCK_SetEbuClockDivider
 .text.XMC_SCU_CLOCK_SetWdtClockDivider
                0x0800093c       0x28 ./Libraries/XMCLib/src/xmc4_scu.o
                0x0800093c                XMC_SCU_CLOCK_SetWdtClockDivider
 .text.XMC_SCU_CLOCK_UngatePeripheralClock
                0x08000964       0x38 ./Libraries/XMCLib/src/xmc4_scu.o
                0x08000964                XMC_SCU_CLOCK_UngatePeripheralClock
 .text.XMC_SCU_CLOCK_IsPeripheralClockGated
                0x0800099c       0x48 ./Libraries/XMCLib/src/xmc4_scu.o
                0x0800099c                XMC_SCU_CLOCK_IsPeripheralClockGated
 .text.XMC_SCU_CLOCK_EnableUsbPll
                0x080009e4       0x20 ./Libraries/XMCLib/src/xmc4_scu.o
                0x080009e4                XMC_SCU_CLOCK_EnableUsbPll
 .text.XMC_SCU_CLOCK_StartUsbPll
                0x08000a04       0xb4 ./Libraries/XMCLib/src/xmc4_scu.o
                0x08000a04                XMC_SCU_CLOCK_StartUsbPll
 .text.XMC_SCU_CLOCK_SetBackupClockCalibrationMode
                0x08000ab8       0x4c ./Libraries/XMCLib/src/xmc4_scu.o
                0x08000ab8                XMC_SCU_CLOCK_SetBackupClockCalibrationMode
 .text.XMC_SCU_HIB_EnableHibernateDomain
                0x08000b04       0x58 ./Libraries/XMCLib/src/xmc4_scu.o
                0x08000b04                XMC_SCU_HIB_EnableHibernateDomain
 .text.XMC_SCU_CLOCK_IsLowPowerOscillatorStable
                0x08000b5c       0x24 ./Libraries/XMCLib/src/xmc4_scu.o
                0x08000b5c                XMC_SCU_CLOCK_IsLowPowerOscillatorStable
 .text.XMC_SCU_CLOCK_EnableLowPowerOscillator
                0x08000b80       0x70 ./Libraries/XMCLib/src/xmc4_scu.o
                0x08000b80                XMC_SCU_CLOCK_EnableLowPowerOscillator
 .text.XMC_SCU_CLOCK_EnableHighPerformanceOscillator
                0x08000bf0       0x50 ./Libraries/XMCLib/src/xmc4_scu.o
                0x08000bf0                XMC_SCU_CLOCK_EnableHighPerformanceOscillator
 .text.XMC_SCU_CLOCK_IsHighPerformanceOscillatorStable
                0x08000c40       0x28 ./Libraries/XMCLib/src/xmc4_scu.o
                0x08000c40                XMC_SCU_CLOCK_IsHighPerformanceOscillatorStable
 .text.XMC_SCU_CLOCK_EnableSystemPll
                0x08000c68       0x20 ./Libraries/XMCLib/src/xmc4_scu.o
                0x08000c68                XMC_SCU_CLOCK_EnableSystemPll
 .text.XMC_SCU_CLOCK_DisableSystemPll
                0x08000c88       0x20 ./Libraries/XMCLib/src/xmc4_scu.o
                0x08000c88                XMC_SCU_CLOCK_DisableSystemPll
 .text.XMC_SCU_CLOCK_StartSystemPll
                0x08000ca8      0x19c ./Libraries/XMCLib/src/xmc4_scu.o
                0x08000ca8                XMC_SCU_CLOCK_StartSystemPll
 .text.XMC_SCU_CLOCK_StepSystemPllFrequency
                0x08000e44       0x3c ./Libraries/XMCLib/src/xmc4_scu.o
                0x08000e44                XMC_SCU_CLOCK_StepSystemPllFrequency
 .text.XMC_GPIO_SetMode
                0x08000e80       0x80 ./Libraries/XMCLib/src/xmc_gpio.o
                0x08000e80                XMC_GPIO_SetMode
 .text.XMC_USIC_CH_GetTransmitBufferStatus
                0x08000f00       0x20 ./Libraries/XMCLib/src/xmc_i2c.o
 .text.XMC_I2C_CH_ClearStatusFlag
                0x08000f20       0x20 ./Libraries/XMCLib/src/xmc_i2c.o
 .text.XMC_I2C_CH_InitEx
                0x08000f40       0x60 ./Libraries/XMCLib/src/xmc_i2c.o
                0x08000f40                XMC_I2C_CH_InitEx
 .text.XMC_I2C_CH_SetSlaveAddress
                0x08000fa0       0x54 ./Libraries/XMCLib/src/xmc_i2c.o
                0x08000fa0                XMC_I2C_CH_SetSlaveAddress
 .text.XMC_I2C_CH_SetBaudrateEx
                0x08000ff4       0x9c ./Libraries/XMCLib/src/xmc_i2c.o
                0x08000ff4                XMC_I2C_CH_SetBaudrateEx
 .text.XMC_I2C_CH_MasterStop
                0x08001090       0x4c ./Libraries/XMCLib/src/xmc_i2c.o
                0x08001090                XMC_I2C_CH_MasterStop
 .text.XMC_I2C_CH_MasterTransmit
                0x080010dc       0x4c ./Libraries/XMCLib/src/xmc_i2c.o
                0x080010dc                XMC_I2C_CH_MasterTransmit
 .text.XMC_I2C_CH_MasterReceiveAck
                0x08001128       0x4c ./Libraries/XMCLib/src/xmc_i2c.o
                0x08001128                XMC_I2C_CH_MasterReceiveAck
 .text.XMC_I2C_CH_MasterReceiveNack
                0x08001174       0x4c ./Libraries/XMCLib/src/xmc_i2c.o
                0x08001174                XMC_I2C_CH_MasterReceiveNack
 .text.XMC_I2C_CH_GetReceivedData
                0x080011c0       0x34 ./Libraries/XMCLib/src/xmc_i2c.o
                0x080011c0                XMC_I2C_CH_GetReceivedData
 .text.XMC_I2C_CH_EnableEvent
                0x080011f4       0x38 ./Libraries/XMCLib/src/xmc_i2c.o
                0x080011f4                XMC_I2C_CH_EnableEvent
 .text.XMC_I2C_CH_DisableEvent
                0x0800122c       0x3c ./Libraries/XMCLib/src/xmc_i2c.o
                0x0800122c                XMC_I2C_CH_DisableEvent
 .text.XMC_USIC_CH_GetTransmitBufferStatus
                0x08001268       0x20 ./Libraries/XMCLib/src/xmc_uart.o
 .text.XMC_UART_CH_ClearStatusFlag
                0x08001288       0x1c ./Libraries/XMCLib/src/xmc_uart.o
 .text.XMC_UART_CH_InitEx
                0x080012a4       0xd4 ./Libraries/XMCLib/src/xmc_uart.o
                0x080012a4                XMC_UART_CH_InitEx
 .text.XMC_UART_CH_Transmit
                0x08001378       0x4c ./Libraries/XMCLib/src/xmc_uart.o
                0x08001378                XMC_UART_CH_Transmit
 .text.XMC_UART_CH_GetReceivedData
                0x080013c4       0x34 ./Libraries/XMCLib/src/xmc_uart.o
                0x080013c4                XMC_UART_CH_GetReceivedData
 .text.XMC_USIC_CH_Enable
                0x080013f8       0x98 ./Libraries/XMCLib/src/xmc_usic.o
                0x080013f8                XMC_USIC_CH_Enable
 .text.XMC_USIC_CH_SetBaudrate
                0x08001490       0xe4 ./Libraries/XMCLib/src/xmc_usic.o
                0x08001490                XMC_USIC_CH_SetBaudrate
 .text.XMC_USIC_CH_SetBaudrateEx
                0x08001574      0x100 ./Libraries/XMCLib/src/xmc_usic.o
                0x08001574                XMC_USIC_CH_SetBaudrateEx
 .text.XMC_USIC_CH_TXFIFO_Configure
                0x08001674       0x50 ./Libraries/XMCLib/src/xmc_usic.o
                0x08001674                XMC_USIC_CH_TXFIFO_Configure
 .text.XMC_USIC_CH_RXFIFO_Configure
                0x080016c4       0x54 ./Libraries/XMCLib/src/xmc_usic.o
                0x080016c4                XMC_USIC_CH_RXFIFO_Configure
 .text.XMC_USIC_CH_RXFIFO_SetSizeTriggerLimit
                0x08001718       0x30 ./Libraries/XMCLib/src/xmc_usic.o
                0x08001718                XMC_USIC_CH_RXFIFO_SetSizeTriggerLimit
 .text.XMC_USIC_CH_SetInterruptNodePointer
                0x08001748       0x38 ./Libraries/XMCLib/src/xmc_usic.o
                0x08001748                XMC_USIC_CH_SetInterruptNodePointer
 .text.XMC_USIC_CH_TXFIFO_SetInterruptNodePointer
                0x08001780       0x3c ./Libraries/XMCLib/src/xmc_usic.o
                0x08001780                XMC_USIC_CH_TXFIFO_SetInterruptNodePointer
 .text.XMC_USIC_CH_RXFIFO_SetInterruptNodePointer
                0x080017bc       0x3c ./Libraries/XMCLib/src/xmc_usic.o
                0x080017bc                XMC_USIC_CH_RXFIFO_SetInterruptNodePointer
 .text.XMC_USIC_Enable
                0x080017f8       0xc0 ./Libraries/XMCLib/src/xmc_usic.o
                0x080017f8                XMC_USIC_Enable
 .text._init    0x080018b8        0xc ./Libraries/Newlib/syscalls.o
                0x080018b8                _init
 .text.XMC_USIC_CH_DisableEvent
                0x080018c4       0x24 ./Dave/Generated/UART/uart.o
 .text.XMC_USIC_CH_GetTransmitBufferStatus
                0x080018e8       0x20 ./Dave/Generated/UART/uart.o
 .text.XMC_USIC_CH_TXFIFO_DisableEvent
                0x08001908       0x28 ./Dave/Generated/UART/uart.o
 .text.XMC_USIC_CH_TXFIFO_IsFull
                0x08001930       0x28 ./Dave/Generated/UART/uart.o
 .text.XMC_USIC_CH_TXFIFO_IsEmpty
                0x08001958       0x28 ./Dave/Generated/UART/uart.o
 .text.XMC_USIC_CH_RXFIFO_DisableEvent
                0x08001980       0x28 ./Dave/Generated/UART/uart.o
 .text.XMC_USIC_CH_RXFIFO_IsEmpty
                0x080019a8       0x28 ./Dave/Generated/UART/uart.o
 .text.UART_Init
                0x080019d0       0x24 ./Dave/Generated/UART/uart.o
                0x080019d0                UART_Init
 .text.UART_lTransmitHandler
                0x080019f4      0x10c ./Dave/Generated/UART/uart.o
                0x080019f4                UART_lTransmitHandler
 .text.UART_lReceiveHandler
                0x08001b00      0x120 ./Dave/Generated/UART/uart.o
                0x08001b00                UART_lReceiveHandler
 .text.UART_lReconfigureRxFIFO
                0x08001c20       0x50 ./Dave/Generated/UART/uart.o
 .text.__NVIC_GetPriorityGrouping
                0x08001c70       0x1c ./Dave/Generated/UART/uart_conf.o
 .text.__NVIC_EnableIRQ
                0x08001c8c       0x38 ./Dave/Generated/UART/uart_conf.o
 .text.__NVIC_SetPriority
                0x08001cc4       0x54 ./Dave/Generated/UART/uart_conf.o
 .text.NVIC_EncodePriority
                0x08001d18       0x64 ./Dave/Generated/UART/uart_conf.o
 .text.XMC_USIC_CH_SetInputSource
                0x08001d7c       0x3c ./Dave/Generated/UART/uart_conf.o
 .text.XMC_UART_CH_Init
                0x08001db8       0x1c ./Dave/Generated/UART/uart_conf.o
 .text.XMC_UART_CH_Start
                0x08001dd4       0x24 ./Dave/Generated/UART/uart_conf.o
 .text.UART_0_init
                0x08001df8       0xd4 ./Dave/Generated/UART/uart_conf.o
                0x08001df8                UART_0_init
 .text.USIC0_3_IRQHandler
                0x08001ecc       0x10 ./Dave/Generated/UART/uart_conf.o
                0x08001ecc                USIC0_3_IRQHandler
 .text.USIC0_5_IRQHandler
                0x08001edc       0x10 ./Dave/Generated/UART/uart_conf.o
                0x08001edc                USIC0_5_IRQHandler
 .text.__NVIC_GetPriorityGrouping
                0x08001eec       0x1c ./Dave/Generated/SYSTIMER/systimer.o
 .text.__NVIC_SetPriority
                0x08001f08       0x54 ./Dave/Generated/SYSTIMER/systimer.o
 .text.NVIC_EncodePriority
                0x08001f5c       0x64 ./Dave/Generated/SYSTIMER/systimer.o
 .text.SysTick_Config
                0x08001fc0       0x44 ./Dave/Generated/SYSTIMER/systimer.o
 .text.SYSTIMER_lInsertTimerList
                0x08002004      0x1c4 ./Dave/Generated/SYSTIMER/systimer.o
 .text.SYSTIMER_lRemoveTimerList
                0x080021c8       0xc0 ./Dave/Generated/SYSTIMER/systimer.o
 .text.SYSTIMER_lTimerHandler
                0x08002288       0xcc ./Dave/Generated/SYSTIMER/systimer.o
 .text.SysTick_Handler
                0x08002354       0x48 ./Dave/Generated/SYSTIMER/systimer.o
                0x08002354                SysTick_Handler
 .text.SYSTIMER_Init
                0x0800239c       0x74 ./Dave/Generated/SYSTIMER/systimer.o
                0x0800239c                SYSTIMER_Init
 .text.SYSTIMER_CreateTimer
                0x08002410      0x13c ./Dave/Generated/SYSTIMER/systimer.o
                0x08002410                SYSTIMER_CreateTimer
 .text.__NVIC_ClearPendingIRQ
                0x0800254c       0x3c ./Dave/Generated/I2C_MASTER/i2c_master.o
 .text.XMC_USIC_CH_DisableEvent
                0x08002588       0x24 ./Dave/Generated/I2C_MASTER/i2c_master.o
 .text.XMC_USIC_CH_GetTransmitBufferStatus
                0x080025ac       0x20 ./Dave/Generated/I2C_MASTER/i2c_master.o
 .text.XMC_USIC_CH_TXFIFO_EnableEvent
                0x080025cc       0x24 ./Dave/Generated/I2C_MASTER/i2c_master.o
 .text.XMC_USIC_CH_TXFIFO_DisableEvent
                0x080025f0       0x28 ./Dave/Generated/I2C_MASTER/i2c_master.o
 .text.XMC_USIC_CH_TXFIFO_Flush
                0x08002618       0x1c ./Dave/Generated/I2C_MASTER/i2c_master.o
 .text.XMC_USIC_CH_TXFIFO_IsFull
                0x08002634       0x28 ./Dave/Generated/I2C_MASTER/i2c_master.o
 .text.XMC_USIC_CH_TXFIFO_IsEmpty
                0x0800265c       0x28 ./Dave/Generated/I2C_MASTER/i2c_master.o
 .text.XMC_USIC_CH_RXFIFO_DisableEvent
                0x08002684       0x28 ./Dave/Generated/I2C_MASTER/i2c_master.o
 .text.XMC_USIC_CH_RXFIFO_IsEmpty
                0x080026ac       0x28 ./Dave/Generated/I2C_MASTER/i2c_master.o
 .text.XMC_I2C_CH_GetStatusFlag
                0x080026d4       0x18 ./Dave/Generated/I2C_MASTER/i2c_master.o
 .text.XMC_I2C_CH_ClearStatusFlag
                0x080026ec       0x20 ./Dave/Generated/I2C_MASTER/i2c_master.o
 .text.I2C_MASTER_SetRXFIFOTriggerLimit
                0x0800270c       0x24 ./Dave/Generated/I2C_MASTER/i2c_master.o
 .text.I2C_MASTER_IsTXFIFOFull
                0x08002730       0x1c ./Dave/Generated/I2C_MASTER/i2c_master.o
 .text.I2C_MASTER_IsRXFIFOEmpty
                0x0800274c       0x1c ./Dave/Generated/I2C_MASTER/i2c_master.o
 .text.I2C_MASTER_GetReceivedByte
                0x08002768       0x1c ./Dave/Generated/I2C_MASTER/i2c_master.o
 .text.I2C_MASTER_TransmitByte
                0x08002784       0x20 ./Dave/Generated/I2C_MASTER/i2c_master.o
 .text.I2C_MASTER_DisableEvent
                0x080027a4       0x1c ./Dave/Generated/I2C_MASTER/i2c_master.o
 .text.I2C_MASTER_ReceiveACK
                0x080027c0       0x18 ./Dave/Generated/I2C_MASTER/i2c_master.o
 .text.I2C_MASTER_ReceiveNACK
                0x080027d8       0x18 ./Dave/Generated/I2C_MASTER/i2c_master.o
 .text.I2C_MASTER_SendStop
                0x080027f0       0x24 ./Dave/Generated/I2C_MASTER/i2c_master.o
 .text.calculate_minfifosize
                0x08002814       0x2c ./Dave/Generated/I2C_MASTER/i2c_master.o
 .text.I2C_MASTER_Init
                0x08002840       0x2c ./Dave/Generated/I2C_MASTER/i2c_master.o
                0x08002840                I2C_MASTER_Init
 .text.I2C_MASTER_GetFlagStatus
                0x0800286c       0x24 ./Dave/Generated/I2C_MASTER/i2c_master.o
                0x0800286c                I2C_MASTER_GetFlagStatus
 .text.I2C_MASTER_ClearFlag
                0x08002890       0x1c ./Dave/Generated/I2C_MASTER/i2c_master.o
                0x08002890                I2C_MASTER_ClearFlag
 .text.I2C_MASTER_TransmitHandler
                0x080028ac      0x258 ./Dave/Generated/I2C_MASTER/i2c_master.o
                0x080028ac                I2C_MASTER_TransmitHandler
 .text.I2C_MASTER_lSendStop_JumpTo_TxCallback
                0x08002b04       0x60 ./Dave/Generated/I2C_MASTER/i2c_master.o
 .text.I2C_MASTER_AbortTransmitIRQ
                0x08002b64       0x58 ./Dave/Generated/I2C_MASTER/i2c_master.o
 .text.I2C_MASTER_ReceiveHandler
                0x08002bbc      0x248 ./Dave/Generated/I2C_MASTER/i2c_master.o
                0x08002bbc                I2C_MASTER_ReceiveHandler
 .text.I2C_MASTER_lSendStop_JumpTo_RxCallback
                0x08002e04       0x70 ./Dave/Generated/I2C_MASTER/i2c_master.o
 .text.I2C_MASTER_lAbortReceiveIRQ
                0x08002e74       0x68 ./Dave/Generated/I2C_MASTER/i2c_master.o
 .text.I2C_MASTER_ProtocolHandler
                0x08002edc       0x88 ./Dave/Generated/I2C_MASTER/i2c_master.o
                0x08002edc                I2C_MASTER_ProtocolHandler
 .text.I2C_MASTER_lReconfigureRxFIFO
                0x08002f64       0x74 ./Dave/Generated/I2C_MASTER/i2c_master.o
 .text.I2C_MASTER_AbortTransmit
                0x08002fd8       0x54 ./Dave/Generated/I2C_MASTER/i2c_master.o
                0x08002fd8                I2C_MASTER_AbortTransmit
 .text.I2C_MASTER_AbortReceive
                0x0800302c       0x3c ./Dave/Generated/I2C_MASTER/i2c_master.o
                0x0800302c                I2C_MASTER_AbortReceive
 .text.__NVIC_GetPriorityGrouping
                0x08003068       0x1c ./Dave/Generated/I2C_MASTER/i2c_master_conf.o
 .text.__NVIC_EnableIRQ
                0x08003084       0x38 ./Dave/Generated/I2C_MASTER/i2c_master_conf.o
 .text.__NVIC_SetPriority
                0x080030bc       0x54 ./Dave/Generated/I2C_MASTER/i2c_master_conf.o
 .text.NVIC_EncodePriority
                0x08003110       0x64 ./Dave/Generated/I2C_MASTER/i2c_master_conf.o
 .text.XMC_USIC_CH_SetInputSource
                0x08003174       0x3c ./Dave/Generated/I2C_MASTER/i2c_master_conf.o
 .text.XMC_USIC_CH_EnableInputDigitalFilter
                0x080031b0       0x34 ./Dave/Generated/I2C_MASTER/i2c_master_conf.o
 .text.XMC_USIC_CH_EnableInputSync
                0x080031e4       0x34 ./Dave/Generated/I2C_MASTER/i2c_master_conf.o
 .text.XMC_USIC_CH_TXFIFO_EnableEvent
                0x08003218       0x24 ./Dave/Generated/I2C_MASTER/i2c_master_conf.o
 .text.XMC_USIC_CH_RXFIFO_EnableEvent
                0x0800323c       0x24 ./Dave/Generated/I2C_MASTER/i2c_master_conf.o
 .text.XMC_USIC_CH_SetMode
                0x08003260       0x28 ./Dave/Generated/I2C_MASTER/i2c_master_conf.o
 .text.XMC_I2C_CH_Init
                0x08003288       0x1c ./Dave/Generated/I2C_MASTER/i2c_master_conf.o
 .text.XMC_I2C_CH_Start
                0x080032a4       0x18 ./Dave/Generated/I2C_MASTER/i2c_master_conf.o
 .text.I2C_MASTER_0_disable_io
                0x080032bc       0x20 ./Dave/Generated/I2C_MASTER/i2c_master_conf.o
 .text.I2C_MASTER_0_enable_io
                0x080032dc       0x24 ./Dave/Generated/I2C_MASTER/i2c_master_conf.o
 .text.I2C_MASTER_0_init
                0x08003300      0x120 ./Dave/Generated/I2C_MASTER/i2c_master_conf.o
                0x08003300                I2C_MASTER_0_init
 .text.USIC1_1_IRQHandler
                0x08003420       0x10 ./Dave/Generated/I2C_MASTER/i2c_master_conf.o
                0x08003420                USIC1_1_IRQHandler
 .text.USIC1_0_IRQHandler
                0x08003430       0x10 ./Dave/Generated/I2C_MASTER/i2c_master_conf.o
                0x08003430                USIC1_0_IRQHandler
 .text.__NVIC_SetPriorityGrouping
                0x08003440       0x48 ./Dave/Generated/CPU_CTRL_XMC4/cpu_ctrl_xmc4_conf.o
 .text.SystemCoreSetup
                0x08003488       0xa0 ./Dave/Generated/CPU_CTRL_XMC4/cpu_ctrl_xmc4_conf.o
                0x08003488                SystemCoreSetup
 .text.CLOCK_XMC4_Init
                0x08003528       0x20 ./Dave/Generated/CLOCK_XMC4/clock_xmc4.o
                0x08003528                CLOCK_XMC4_Init
 .text.OSCHP_GetFrequency
                0x08003548       0x14 ./Dave/Generated/CLOCK_XMC4/clock_xmc4.o
                0x08003548                OSCHP_GetFrequency
 .text.SystemCoreClockSetup
                0x0800355c       0x58 ./Dave/Generated/CLOCK_XMC4/clock_xmc4_conf.o
                0x0800355c                SystemCoreClockSetup
 .text.DAVE_Init
                0x080035b4       0x60 ./Dave/Generated/DAVE.o
                0x080035b4                DAVE_Init
 .text.XMC_I2C_CH_ClearStatusFlag
                0x08003614       0x20 ./main.o
 .text.I2C_MASTER_SendStop
                0x08003634       0x24 ./main.o
 .text.callbackI2cTimeout
                0x08003658       0x30 ./main.o
                0x08003658                callbackI2cTimeout
 .text.callbackI2cTx
                0x08003688       0x18 ./main.o
                0x08003688                callbackI2cTx
 .text.callbackI2cRx
                0x080036a0       0x18 ./main.o
                0x080036a0                callbackI2cRx
 .text.I2C_NACK_IRQ_Handler
                0x080036b8       0x28 ./main.o
                0x080036b8                I2C_NACK_IRQ_Handler
 .text.I2C_ARB_Lost_IRQ_Handler
                0x080036e0       0x18 ./main.o
                0x080036e0                I2C_ARB_Lost_IRQ_Handler
 .text.I2C_ERR_IRQ_Handler
                0x080036f8       0x18 ./main.o
                0x080036f8                I2C_ERR_IRQ_Handler
 .text.main     0x08003710       0x34 ./main.o
                0x08003710                main
 .text.__libc_init_array
                0x08003744       0x4c c:/infineon/tools/dave ide/4.5.0.202105191637/eclipse/arm-gcc-49/bin/../lib/gcc/arm-none-eabi/4.9.3/../../../../arm-none-eabi/lib/armv7e-m/softfp\libg_nano.a(lib_a-init.o)
                0x08003744                __libc_init_array
 *(.init)
 *(.fini)
 *crtbegin.o(.ctors)
 *crtbegin?.o(.ctors)
 *(EXCLUDE_FILE(*crtend.o *crtend?.o) .ctors)
 *(SORT(.ctors.*))
 *(.ctors)
 *crtbegin.o(.dtors)
 *crtbegin?.o(.dtors)
 *(EXCLUDE_FILE(*crtend.o *crtend?.o) .dtors)
 *(SORT(.dtors.*))
 *(.dtors)
 *(.rodata .rodata.*)
 .rodata.UART_0_channel_config
                0x08003790        0xc ./Dave/Generated/UART/uart_conf.o
                0x08003790                UART_0_channel_config
 .rodata.UART_0_tx_pin_config
                0x0800379c        0xc ./Dave/Generated/UART/uart_conf.o
                0x0800379c                UART_0_tx_pin_config
 .rodata.UART_0_tx_pin
                0x080037a8        0xc ./Dave/Generated/UART/uart_conf.o
                0x080037a8                UART_0_tx_pin
 .rodata.UART_0_config
                0x080037b4       0x30 ./Dave/Generated/UART/uart_conf.o
                0x080037b4                UART_0_config
 .rodata.UART_0_rx_pin_config
                0x080037e4        0xc ./Dave/Generated/UART/uart_conf.o
                0x080037e4                UART_0_rx_pin_config
 .rodata.I2C_MASTER_0_sda_pin_config
                0x080037f0        0xc ./Dave/Generated/I2C_MASTER/i2c_master_conf.o
 .rodata.I2C_MASTER_0_scl_pin_config
                0x080037fc        0xc ./Dave/Generated/I2C_MASTER/i2c_master_conf.o
 .rodata.I2C_MASTER_0_channel_config
                0x08003808        0x8 ./Dave/Generated/I2C_MASTER/i2c_master_conf.o
                0x08003808                I2C_MASTER_0_channel_config
 .rodata.I2C_MASTER_0_config
                0x08003810       0x2c ./Dave/Generated/I2C_MASTER/i2c_master_conf.o
                0x08003810                I2C_MASTER_0_config
 .rodata        0x0800383c       0x14 ./Dave/Generated/CLOCK_XMC4/clock_xmc4_conf.o
 *(.gnu.linkonce.r*)
 *(vtable)
                0x08003850                . = ALIGN (0x4)

.glue_7         0x08003850        0x0 load address 0x0c003850
 .glue_7        0x00000000        0x0 linker stubs

.glue_7t        0x08003850        0x0 load address 0x0c003850
 .glue_7t       0x00000000        0x0 linker stubs

.vfp11_veneer   0x08003850        0x0 load address 0x0c003850
 .vfp11_veneer  0x00000000        0x0 linker stubs

.v4_bx          0x08003850        0x0 load address 0x0c003850
 .v4_bx         0x00000000        0x0 linker stubs

.iplt           0x08003850        0x0 load address 0x0c003850
 .iplt          0x00000000        0x0 ./Startup/startup_XMC4700.o

.rel.dyn        0x08003850        0x0 load address 0x0c003850
 .rel.iplt      0x00000000        0x0 ./Startup/startup_XMC4700.o

.eh_frame_hdr
 *(.eh_frame_hdr)

.eh_frame
 *(.eh_frame)

.ARM.extab
 *(.ARM.extab* .gnu.linkonce.armextab.*)
                0x08003850                . = ALIGN (0x4)
                0x08003850                __exidx_start = .

.ARM.exidx
 *(.ARM.exidx* .gnu.linkonce.armexidx.*)
                0x08003850                __exidx_end = .
                0x08003850                . = ALIGN (0x4)

Stack           0x1ffe8000      0x800
                0x1ffe8000                __stack_start = .
                0x1ffe8800                . = (. + stack_size)
 *fill*         0x1ffe8000      0x800 
                0x1ffe8800                __stack_end = .
                0x1ffe8800                __initial_sp = .

.ram_code       0x1ffe8800        0x0 load address 0x0c003850
                0x1ffe8800                . = ALIGN (0x4)
                0x1ffe8800                __ram_code_start = .
 *(.ram_code)
                0x1ffe8800                . = ALIGN (0x4)
                0x1ffe8800                __ram_code_end = .
                0x0c003850                __ram_code_load = LOADADDR (.ram_code)
                0x00000000                __ram_code_size = (__ram_code_end - __ram_code_start)

.data           0x1ffe8800       0x44 load address 0x0c003850
                0x1ffe8800                . = ALIGN (0x4)
                0x1ffe8800                __data_start = .
 *(.data)
 *(.data*)
 .data.UART_0   0x1ffe8800        0xc ./Dave/Generated/UART/uart_conf.o
                0x1ffe8800                UART_0
 .data.I2C_MASTER_0_runtime
                0x1ffe880c       0x2c ./Dave/Generated/I2C_MASTER/i2c_master_conf.o
                0x1ffe880c                I2C_MASTER_0_runtime
 .data.I2C_MASTER_0
                0x1ffe8838        0xc ./Dave/Generated/I2C_MASTER/i2c_master_conf.o
                0x1ffe8838                I2C_MASTER_0
 *(*.data)
 *(.gnu.linkonce.d*)
                0x1ffe8844                . = ALIGN (0x4)
                0x1ffe8844                PROVIDE (__preinit_array_start, .)
 *(.preinit_array)
                0x1ffe8844                PROVIDE (__preinit_array_end, .)
                0x1ffe8844                . = ALIGN (0x4)
                0x1ffe8844                PROVIDE (__init_array_start, .)
 *(SORT(.init_array.*))
 *(.init_array)
                0x1ffe8844                PROVIDE (__init_array_end, .)
                0x1ffe8844                . = ALIGN (0x4)
                0x1ffe8844                PROVIDE (__fini_array_start, .)
 *(SORT(.fini_array.*))
 *(.fini_array)
                0x1ffe8844                PROVIDE (__fini_array_end, .)
                0x1ffe8844                . = ALIGN (0x4)
                0x1ffe8844                __data_end = .
                0x0c003850                __data_load = LOADADDR (.data)
                0x00000044                __data_size = (__data_end - __data_start)
                0x00003894                __text_size = (((__exidx_end - sText) + __data_size) + __ram_code_size)
                0x08003894                eText = (sText + __text_size)

.igot.plt       0x1ffe8844        0x0 load address 0x0c003894
 .igot.plt      0x00000000        0x0 ./Startup/startup_XMC4700.o

.bss            0x1ffe8844      0x158 load address 0x0c003894
                0x1ffe8844                . = ALIGN (0x4)
                0x1ffe8844                __bss_start = .
 *(.bss)
 *(.bss*)
 .bss.UART_0_runtime
                0x1ffe8844       0x1c ./Dave/Generated/UART/uart_conf.o
                0x1ffe8844                UART_0_runtime
 .bss.g_timer_list
                0x1ffe8860        0x4 ./Dave/Generated/SYSTIMER/systimer.o
                0x1ffe8860                g_timer_list
 .bss.g_timer_tracker
                0x1ffe8864        0x4 ./Dave/Generated/SYSTIMER/systimer.o
                0x1ffe8864                g_timer_tracker
 .bss.g_systick_count
                0x1ffe8868        0x4 ./Dave/Generated/SYSTIMER/systimer.o
                0x1ffe8868                g_systick_count
 .bss.SYSTIMER_0
                0x1ffe886c        0x4 ./Dave/Generated/SYSTIMER/systimer_conf.o
                0x1ffe886c                SYSTIMER_0
 .bss.CLOCK_XMC4_0
                0x1ffe8870        0x4 ./Dave/Generated/CLOCK_XMC4/clock_xmc4_conf.o
                0x1ffe8870                CLOCK_XMC4_0
 .bss.timerI2c  0x1ffe8874        0x4 ./main.o
                0x1ffe8874                timerI2c
 .bss.I2cTxCompletion
                0x1ffe8878        0x1 ./main.o
                0x1ffe8878                I2cTxCompletion
 .bss.I2cRxCompletion
                0x1ffe8879        0x1 ./main.o
                0x1ffe8879                I2cRxCompletion
 .bss.bI2cNack  0x1ffe887a        0x1 ./main.o
                0x1ffe887a                bI2cNack
 .bss.bI2cTimeout
                0x1ffe887b        0x1 ./main.o
                0x1ffe887b                bI2cTimeout
 *(COMMON)
 COMMON         0x1ffe887c      0x120 ./Dave/Generated/SYSTIMER/systimer.o
                0x1ffe887c                g_timer_tbl
 *(.gnu.linkonce.b*)
                0x1ffe899c                . = ALIGN (0x4)
                0x1ffe899c                __bss_end = .
                0x00000158                __bss_size = (__bss_end - __bss_start)
                0x00017664                __shift_loc = (__bss_end >= ORIGIN (DSRAM_1_system))?0x0:(ORIGIN (DSRAM_1_system) - __bss_end)

USB_RAM         0x20000000        0x0
                0x20000000                . = ALIGN (0x4)
                0x20000000                USB_RAM_start = .
 *(USB_RAM)
                0x20000000                . = ALIGN (0x4)
                0x20000000                USB_RAM_end = .
                0x00000000                USB_RAM_size = (USB_RAM_end - USB_RAM_start)

ETH_RAM         0x20000000        0x0
                0x20000000                . = ALIGN (0x4)
                0x20000000                ETH_RAM_start = .
 *(ETH_RAM)
                0x20000000                . = ALIGN (0x4)
                0x20000000                ETH_RAM_end = .
                0x20000000                . = ALIGN (0x8)
                0x20000000                Heap_Bank1_Start = .
                0x00000000                ETH_RAM_size = (ETH_RAM_end - ETH_RAM_start)

.no_init        0x2003ffc0       0x14
                0x2003ffc0                Heap_Bank1_End = .
 *(.no_init)
 .no_init       0x2003ffc0       0x14 ./Startup/system_XMC4700.o
                0x2003ffc0                SystemCoreClock
                0x2003ffc4                g_chipid
                0x0003ffc0                Heap_Bank1_Size = (Heap_Bank1_End - Heap_Bank1_Start)
                0x00000001                ASSERT ((Heap_Bank1_Start <= Heap_Bank1_End), region SRAM_combined overflowed no_init section)

/DISCARD/
 *(.comment)

.stab
 *(.stab)

.stabstr
 *(.stabstr)

.debug
 *(.debug)

.line
 *(.line)

.debug_srcinfo
 *(.debug_srcinfo)

.debug_sfnames
 *(.debug_sfnames)

.debug_aranges  0x00000000      0xc68
 *(.debug_aranges)
 .debug_aranges
                0x00000000       0x20 ./Startup/startup_XMC4700.o
 .debug_aranges
                0x00000020       0x48 ./Startup/system_XMC4700.o
 .debug_aranges
                0x00000068       0x28 ./Libraries/XMCLib/src/xmc4_gpio.o
 .debug_aranges
                0x00000090      0x3e0 ./Libraries/XMCLib/src/xmc4_scu.o
 .debug_aranges
                0x00000470       0x28 ./Libraries/XMCLib/src/xmc_gpio.o
 .debug_aranges
                0x00000498       0xb0 ./Libraries/XMCLib/src/xmc_i2c.o
 .debug_aranges
                0x00000548       0x78 ./Libraries/XMCLib/src/xmc_uart.o
 .debug_aranges
                0x000005c0       0xb8 ./Libraries/XMCLib/src/xmc_usic.o
 .debug_aranges
                0x00000678       0x28 ./Libraries/Newlib/syscalls.o
 .debug_aranges
                0x000006a0       0xf8 ./Dave/Generated/UART/uart.o
 .debug_aranges
                0x00000798       0x68 ./Dave/Generated/UART/uart_conf.o
 .debug_aranges
                0x00000800       0xe0 ./Dave/Generated/SYSTIMER/systimer.o
 .debug_aranges
                0x000008e0       0x18 ./Dave/Generated/SYSTIMER/systimer_conf.o
 .debug_aranges
                0x000008f8      0x1b0 ./Dave/Generated/I2C_MASTER/i2c_master.o
 .debug_aranges
                0x00000aa8       0xa0 ./Dave/Generated/I2C_MASTER/i2c_master_conf.o
 .debug_aranges
                0x00000b48       0x28 ./Dave/Generated/CPU_CTRL_XMC4/cpu_ctrl_xmc4_conf.o
 .debug_aranges
                0x00000b70       0x38 ./Dave/Generated/CLOCK_XMC4/clock_xmc4.o
 .debug_aranges
                0x00000ba8       0x20 ./Dave/Generated/CLOCK_XMC4/clock_xmc4_conf.o
 .debug_aranges
                0x00000bc8       0x20 ./Dave/Generated/DAVE.o
 .debug_aranges
                0x00000be8       0x80 ./main.o

.debug_pubnames
 *(.debug_pubnames)

.debug_pubtypes
 *(.debug_pubtypes)

.debug_info     0x00000000    0x10189
 *(.debug_info .gnu.linkonce.wi.*)
 .debug_info    0x00000000       0x8f ./Startup/startup_XMC4700.o
 .debug_info    0x0000008f      0xa3d ./Startup/system_XMC4700.o
 .debug_info    0x00000acc      0x4dd ./Libraries/XMCLib/src/xmc4_gpio.o
 .debug_info    0x00000fa9     0x2425 ./Libraries/XMCLib/src/xmc4_scu.o
 .debug_info    0x000033ce      0x458 ./Libraries/XMCLib/src/xmc_gpio.o
 .debug_info    0x00003826      0xba3 ./Libraries/XMCLib/src/xmc_i2c.o
 .debug_info    0x000043c9      0x9d2 ./Libraries/XMCLib/src/xmc_uart.o
 .debug_info    0x00004d9b      0xf9a ./Libraries/XMCLib/src/xmc_usic.o
 .debug_info    0x00005d35      0x11f ./Libraries/Newlib/syscalls.o
 .debug_info    0x00005e54     0x1590 ./Dave/Generated/UART/uart.o
 .debug_info    0x000073e4     0x1475 ./Dave/Generated/UART/uart_conf.o
 .debug_info    0x00008859     0x1357 ./Dave/Generated/SYSTIMER/systimer.o
 .debug_info    0x00009bb0      0x1a9 ./Dave/Generated/SYSTIMER/systimer_conf.o
 .debug_info    0x00009d59     0x1bea ./Dave/Generated/I2C_MASTER/i2c_master.o
 .debug_info    0x0000b943     0x1570 ./Dave/Generated/I2C_MASTER/i2c_master_conf.o
 .debug_info    0x0000ceb3      0x52e ./Dave/Generated/CPU_CTRL_XMC4/cpu_ctrl_xmc4_conf.o
 .debug_info    0x0000d3e1      0x2dd ./Dave/Generated/CLOCK_XMC4/clock_xmc4.o
 .debug_info    0x0000d6be      0x43e ./Dave/Generated/CLOCK_XMC4/clock_xmc4_conf.o
 .debug_info    0x0000dafc     0x11d2 ./Dave/Generated/DAVE.o
 .debug_info    0x0000ecce     0x14bb ./main.o

.debug_abbrev   0x00000000     0x25fd
 *(.debug_abbrev)
 .debug_abbrev  0x00000000       0x14 ./Startup/startup_XMC4700.o
 .debug_abbrev  0x00000014      0x1f1 ./Startup/system_XMC4700.o
 .debug_abbrev  0x00000205      0x144 ./Libraries/XMCLib/src/xmc4_gpio.o
 .debug_abbrev  0x00000349      0x2a3 ./Libraries/XMCLib/src/xmc4_scu.o
 .debug_abbrev  0x000005ec      0x144 ./Libraries/XMCLib/src/xmc_gpio.o
 .debug_abbrev  0x00000730      0x2af ./Libraries/XMCLib/src/xmc_i2c.o
 .debug_abbrev  0x000009df      0x225 ./Libraries/XMCLib/src/xmc_uart.o
 .debug_abbrev  0x00000c04      0x24c ./Libraries/XMCLib/src/xmc_usic.o
 .debug_abbrev  0x00000e50       0xbd ./Libraries/Newlib/syscalls.o
 .debug_abbrev  0x00000f0d      0x27e ./Dave/Generated/UART/uart.o
 .debug_abbrev  0x0000118b      0x27b ./Dave/Generated/UART/uart_conf.o
 .debug_abbrev  0x00001406      0x36d ./Dave/Generated/SYSTIMER/systimer.o
 .debug_abbrev  0x00001773       0xc2 ./Dave/Generated/SYSTIMER/systimer_conf.o
 .debug_abbrev  0x00001835      0x2fc ./Dave/Generated/I2C_MASTER/i2c_master.o
 .debug_abbrev  0x00001b31      0x286 ./Dave/Generated/I2C_MASTER/i2c_master_conf.o
 .debug_abbrev  0x00001db7      0x1b4 ./Dave/Generated/CPU_CTRL_XMC4/cpu_ctrl_xmc4_conf.o
 .debug_abbrev  0x00001f6b      0x13d ./Dave/Generated/CLOCK_XMC4/clock_xmc4.o
 .debug_abbrev  0x000020a8      0x134 ./Dave/Generated/CLOCK_XMC4/clock_xmc4_conf.o
 .debug_abbrev  0x000021dc      0x1b1 ./Dave/Generated/DAVE.o
 .debug_abbrev  0x0000238d      0x270 ./main.o

.debug_line     0x00000000     0x5544
 *(.debug_line)
 .debug_line    0x00000000       0x87 ./Startup/startup_XMC4700.o
 .debug_line    0x00000087      0x33d ./Startup/system_XMC4700.o
 .debug_line    0x000003c4      0x243 ./Libraries/XMCLib/src/xmc4_gpio.o
 .debug_line    0x00000607      0xe4d ./Libraries/XMCLib/src/xmc4_scu.o
 .debug_line    0x00001454      0x230 ./Libraries/XMCLib/src/xmc_gpio.o
 .debug_line    0x00001684      0x3ff ./Libraries/XMCLib/src/xmc_i2c.o
 .debug_line    0x00001a83      0x3cb ./Libraries/XMCLib/src/xmc_uart.o
 .debug_line    0x00001e4e      0x571 ./Libraries/XMCLib/src/xmc_usic.o
 .debug_line    0x000023bf       0xd0 ./Libraries/Newlib/syscalls.o
 .debug_line    0x0000248f      0x5ec ./Dave/Generated/UART/uart.o
 .debug_line    0x00002a7b      0x3c0 ./Dave/Generated/UART/uart_conf.o
 .debug_line    0x00002e3b      0x625 ./Dave/Generated/SYSTIMER/systimer.o
 .debug_line    0x00003460      0x1a8 ./Dave/Generated/SYSTIMER/systimer_conf.o
 .debug_line    0x00003608      0x924 ./Dave/Generated/I2C_MASTER/i2c_master.o
 .debug_line    0x00003f2c      0x452 ./Dave/Generated/I2C_MASTER/i2c_master_conf.o
 .debug_line    0x0000437e      0x29d ./Dave/Generated/CPU_CTRL_XMC4/cpu_ctrl_xmc4_conf.o
 .debug_line    0x0000461b      0x2e3 ./Dave/Generated/CLOCK_XMC4/clock_xmc4.o
 .debug_line    0x000048fe      0x2ba ./Dave/Generated/CLOCK_XMC4/clock_xmc4_conf.o
 .debug_line    0x00004bb8      0x3d8 ./Dave/Generated/DAVE.o
 .debug_line    0x00004f90      0x5b4 ./main.o

.debug_frame    0x00000000     0x347c
 *(.debug_frame)
 .debug_frame   0x00000000       0xec ./Startup/system_XMC4700.o
 .debug_frame   0x000000ec       0x60 ./Libraries/XMCLib/src/xmc4_gpio.o
 .debug_frame   0x0000014c     0x1238 ./Libraries/XMCLib/src/xmc4_scu.o
 .debug_frame   0x00001384       0x60 ./Libraries/XMCLib/src/xmc_gpio.o
 .debug_frame   0x000013e4      0x308 ./Libraries/XMCLib/src/xmc_i2c.o
 .debug_frame   0x000016ec      0x1f0 ./Libraries/XMCLib/src/xmc_uart.o
 .debug_frame   0x000018dc      0x330 ./Libraries/XMCLib/src/xmc_usic.o
 .debug_frame   0x00001c0c       0x5c ./Libraries/Newlib/syscalls.o
 .debug_frame   0x00001c68      0x474 ./Dave/Generated/UART/uart.o
 .debug_frame   0x000020dc      0x184 ./Dave/Generated/UART/uart_conf.o
 .debug_frame   0x00002260      0x3ec ./Dave/Generated/SYSTIMER/systimer.o
 .debug_frame   0x0000264c      0x80c ./Dave/Generated/I2C_MASTER/i2c_master.o
 .debug_frame   0x00002e58      0x284 ./Dave/Generated/I2C_MASTER/i2c_master_conf.o
 .debug_frame   0x000030dc       0x60 ./Dave/Generated/CPU_CTRL_XMC4/cpu_ctrl_xmc4_conf.o
 .debug_frame   0x0000313c       0xac ./Dave/Generated/CLOCK_XMC4/clock_xmc4.o
 .debug_frame   0x000031e8       0x3c ./Dave/Generated/CLOCK_XMC4/clock_xmc4_conf.o
 .debug_frame   0x00003224       0x38 ./Dave/Generated/DAVE.o
 .debug_frame   0x0000325c      0x1f4 ./main.o
 .debug_frame   0x00003450       0x2c c:/infineon/tools/dave ide/4.5.0.202105191637/eclipse/arm-gcc-49/bin/../lib/gcc/arm-none-eabi/4.9.3/../../../../arm-none-eabi/lib/armv7e-m/softfp\libg_nano.a(lib_a-init.o)

.debug_str      0x00000000     0x7180
 *(.debug_str)
 .debug_str     0x00000000      0x608 ./Startup/system_XMC4700.o
                                0x674 (size before relaxing)
 .debug_str     0x00000608      0x549 ./Libraries/XMCLib/src/xmc4_gpio.o
                                0x7ee (size before relaxing)
 .debug_str     0x00000b51     0x234f ./Libraries/XMCLib/src/xmc4_scu.o
                               0x28e6 (size before relaxing)
 .debug_str     0x00002ea0       0xca ./Libraries/XMCLib/src/xmc_gpio.o
                                0x69c (size before relaxing)
 .debug_str     0x00002f6a      0xa6f ./Libraries/XMCLib/src/xmc_i2c.o
                                0xd55 (size before relaxing)
 .debug_str     0x000039d9      0x5b7 ./Libraries/XMCLib/src/xmc_uart.o
                                0xbc0 (size before relaxing)
 .debug_str     0x00003f90      0xb06 ./Libraries/XMCLib/src/xmc_usic.o
                               0x15df (size before relaxing)
 .debug_str     0x00004a96       0x6f ./Libraries/Newlib/syscalls.o
                                0x22a (size before relaxing)
 .debug_str     0x00004b05      0xbd5 ./Dave/Generated/UART/uart.o
                               0x1cfb (size before relaxing)
 .debug_str     0x000056da      0x7ce ./Dave/Generated/UART/uart_conf.o
                               0x1a57 (size before relaxing)
 .debug_str     0x00005ea8      0x492 ./Dave/Generated/SYSTIMER/systimer.o
                                0xed9 (size before relaxing)
 .debug_str     0x0000633a       0x36 ./Dave/Generated/SYSTIMER/systimer_conf.o
                                0x2bc (size before relaxing)
 .debug_str     0x00006370      0x932 ./Dave/Generated/I2C_MASTER/i2c_master.o
                               0x1e44 (size before relaxing)
 .debug_str     0x00006ca2      0x1b8 ./Dave/Generated/I2C_MASTER/i2c_master_conf.o
                               0x1c3e (size before relaxing)
 .debug_str     0x00006e5a       0x94 ./Dave/Generated/CPU_CTRL_XMC4/cpu_ctrl_xmc4_conf.o
                                0x42e (size before relaxing)
 .debug_str     0x00006eee       0xe7 ./Dave/Generated/CLOCK_XMC4/clock_xmc4.o
                                0x3df (size before relaxing)
 .debug_str     0x00006fd5       0x50 ./Dave/Generated/CLOCK_XMC4/clock_xmc4_conf.o
                                0x7bf (size before relaxing)
 .debug_str     0x00007025       0x65 ./Dave/Generated/DAVE.o
                               0x16de (size before relaxing)
 .debug_str     0x0000708a       0xf6 ./main.o
                               0x1c93 (size before relaxing)

.debug_loc      0x00000000     0x6ba2
 *(.debug_loc)
 .debug_loc     0x00000000      0x1a4 ./Startup/system_XMC4700.o
 .debug_loc     0x000001a4       0xb8 ./Libraries/XMCLib/src/xmc4_gpio.o
 .debug_loc     0x0000025c     0x2618 ./Libraries/XMCLib/src/xmc4_scu.o
 .debug_loc     0x00002874       0xb8 ./Libraries/XMCLib/src/xmc_gpio.o
 .debug_loc     0x0000292c      0x650 ./Libraries/XMCLib/src/xmc_i2c.o
 .debug_loc     0x00002f7c      0x414 ./Libraries/XMCLib/src/xmc_uart.o
 .debug_loc     0x00003390      0x6c6 ./Libraries/XMCLib/src/xmc_usic.o
 .debug_loc     0x00003a56       0x94 ./Libraries/Newlib/syscalls.o
 .debug_loc     0x00003aea      0x98c ./Dave/Generated/UART/uart.o
 .debug_loc     0x00004476      0x308 ./Dave/Generated/UART/uart_conf.o
 .debug_loc     0x0000477e      0x7f4 ./Dave/Generated/SYSTIMER/systimer.o
 .debug_loc     0x00004f72     0x10c8 ./Dave/Generated/I2C_MASTER/i2c_master.o
 .debug_loc     0x0000603a      0x520 ./Dave/Generated/I2C_MASTER/i2c_master_conf.o
 .debug_loc     0x0000655a       0xac ./Dave/Generated/CPU_CTRL_XMC4/cpu_ctrl_xmc4_conf.o
 .debug_loc     0x00006606      0x14c ./Dave/Generated/CLOCK_XMC4/clock_xmc4.o
 .debug_loc     0x00006752       0x50 ./Dave/Generated/CLOCK_XMC4/clock_xmc4_conf.o
 .debug_loc     0x000067a2       0x50 ./Dave/Generated/DAVE.o
 .debug_loc     0x000067f2      0x3b0 ./main.o

.debug_macinfo
 *(.debug_macinfo)

.debug_ranges   0x00000000      0xb10
 *(.debug_ranges)
 .debug_ranges  0x00000000       0x38 ./Startup/system_XMC4700.o
 .debug_ranges  0x00000038       0x18 ./Libraries/XMCLib/src/xmc4_gpio.o
 .debug_ranges  0x00000050      0x3d0 ./Libraries/XMCLib/src/xmc4_scu.o
 .debug_ranges  0x00000420       0x18 ./Libraries/XMCLib/src/xmc_gpio.o
 .debug_ranges  0x00000438       0xa0 ./Libraries/XMCLib/src/xmc_i2c.o
 .debug_ranges  0x000004d8       0x68 ./Libraries/XMCLib/src/xmc_uart.o
 .debug_ranges  0x00000540       0xa8 ./Libraries/XMCLib/src/xmc_usic.o
 .debug_ranges  0x000005e8       0x18 ./Libraries/Newlib/syscalls.o
 .debug_ranges  0x00000600       0xe8 ./Dave/Generated/UART/uart.o
 .debug_ranges  0x000006e8       0x58 ./Dave/Generated/UART/uart_conf.o
 .debug_ranges  0x00000740       0xd0 ./Dave/Generated/SYSTIMER/systimer.o
 .debug_ranges  0x00000810      0x1a0 ./Dave/Generated/I2C_MASTER/i2c_master.o
 .debug_ranges  0x000009b0       0x90 ./Dave/Generated/I2C_MASTER/i2c_master_conf.o
 .debug_ranges  0x00000a40       0x18 ./Dave/Generated/CPU_CTRL_XMC4/cpu_ctrl_xmc4_conf.o
 .debug_ranges  0x00000a58       0x28 ./Dave/Generated/CLOCK_XMC4/clock_xmc4.o
 .debug_ranges  0x00000a80       0x10 ./Dave/Generated/CLOCK_XMC4/clock_xmc4_conf.o
 .debug_ranges  0x00000a90       0x10 ./Dave/Generated/DAVE.o
 .debug_ranges  0x00000aa0       0x70 ./main.o

.debug_weaknames
 *(.debug_weaknames)

.debug_funcnames
 *(.debug_funcnames)

.debug_typenames
 *(.debug_typenames)

.debug_varnames
 *(.debug_varnames)

.build_attributes
                0x00000000      0x46c
 *(.ARM.attributes)
 .ARM.attributes
                0x00000000       0x25 ./Startup/startup_XMC4700.o
 .ARM.attributes
                0x00000025       0x37 ./Startup/system_XMC4700.o
 .ARM.attributes
                0x0000005c       0x37 ./Libraries/XMCLib/src/xmc4_gpio.o
 .ARM.attributes
                0x00000093       0x37 ./Libraries/XMCLib/src/xmc4_scu.o
 .ARM.attributes
                0x000000ca       0x37 ./Libraries/XMCLib/src/xmc_gpio.o
 .ARM.attributes
                0x00000101       0x37 ./Libraries/XMCLib/src/xmc_i2c.o
 .ARM.attributes
                0x00000138       0x37 ./Libraries/XMCLib/src/xmc_uart.o
 .ARM.attributes
                0x0000016f       0x37 ./Libraries/XMCLib/src/xmc_usic.o
 .ARM.attributes
                0x000001a6       0x37 ./Libraries/Newlib/syscalls.o
 .ARM.attributes
                0x000001dd       0x37 ./Dave/Generated/UART/uart.o
 .ARM.attributes
                0x00000214       0x37 ./Dave/Generated/UART/uart_conf.o
 .ARM.attributes
                0x0000024b       0x37 ./Dave/Generated/SYSTIMER/systimer.o
 .ARM.attributes
                0x00000282       0x37 ./Dave/Generated/SYSTIMER/systimer_conf.o
 .ARM.attributes
                0x000002b9       0x37 ./Dave/Generated/I2C_MASTER/i2c_master.o
 .ARM.attributes
                0x000002f0       0x37 ./Dave/Generated/I2C_MASTER/i2c_master_conf.o
 .ARM.attributes
                0x00000327       0x37 ./Dave/Generated/CPU_CTRL_XMC4/cpu_ctrl_xmc4_conf.o
 .ARM.attributes
                0x0000035e       0x37 ./Dave/Generated/CLOCK_XMC4/clock_xmc4.o
 .ARM.attributes
                0x00000395       0x37 ./Dave/Generated/CLOCK_XMC4/clock_xmc4_conf.o
 .ARM.attributes
                0x000003cc       0x37 ./Dave/Generated/DAVE.o
 .ARM.attributes
                0x00000403       0x37 ./main.o
 .ARM.attributes
                0x0000043a       0x32 c:/infineon/tools/dave ide/4.5.0.202105191637/eclipse/arm-gcc-49/bin/../lib/gcc/arm-none-eabi/4.9.3/../../../../arm-none-eabi/lib/armv7e-m/softfp\libg_nano.a(lib_a-init.o)
OUTPUT(I2C.elf elf32-littlearm)
